{
	"en": {
		"string-1": "My App — the first \"mobile-only\" email account.",
		"string-2": "One app to manage allyour&nbsp;email accounts",
		"string-3": "and nearly every"
	},
	"ru": {
		"string-1": "My App — учётная запись только для \"мобильных\" устройств",
		"string-2": "Одно приложение для \"управления\" всеми вашими&nbsp;почтовыми учетными записями",
		"string-3": "и почти для каждого"
	}
}